// Jest Snapshot v1, https://goo.gl/fbAQLP

exports[`groceries list component matches the snapshot 1`] = `
<div
  className="groceries-list"
/>
`;
